{
  "version": "1.5.0",
  "plugins_used": [
    {
      "name": "ArtifactoryDetector"
    },
    {
      "name": "AWSKeyDetector"
    },
    {
      "name": "AzureStorageKeyDetector"
    },
    {
      "name": "Base64HighEntropyString",
      "limit": 4.5
    },
    {
      "name": "BasicAuthDetector"
    },
    {
      "name": "CloudantDetector"
    },
    {
      "name": "DiscordBotTokenDetector"
    },
    {
      "name": "GitHubTokenDetector"
    },
    {
      "name": "GitLabTokenDetector"
    },
    {
      "name": "HexHighEntropyString",
      "limit": 3.0
    },
    {
      "name": "IbmCloudIamDetector"
    },
    {
      "name": "IbmCosHmacDetector"
    },
    {
      "name": "IPPublicDetector"
    },
    {
      "name": "JwtTokenDetector"
    },
    {
      "name": "KeywordDetector",
      "keyword_exclude": ""
    },
    {
      "name": "MailchimpDetector"
    },
    {
      "name": "NpmDetector"
    },
    {
      "name": "OpenAIDetector"
    },
    {
      "name": "PrivateKeyDetector"
    },
    {
      "name": "PypiTokenDetector"
    },
    {
      "name": "SendGridDetector"
    },
    {
      "name": "SlackDetector"
    },
    {
      "name": "SoftlayerDetector"
    },
    {
      "name": "SquareOAuthDetector"
    },
    {
      "name": "StripeDetector"
    },
    {
      "name": "TelegramBotTokenDetector"
    },
    {
      "name": "TwilioKeyDetector"
    }
  ],
  "filters_used": [
    {
      "path": "detect_secrets.filters.allowlist.is_line_allowlisted"
    },
    {
      "path": "detect_secrets.filters.common.is_baseline_file",
      "filename": ".secrets.baseline"
    },
    {
      "path": "detect_secrets.filters.common.is_ignored_due_to_verification_policies",
      "min_level": 2
    },
    {
      "path": "detect_secrets.filters.heuristic.is_indirect_reference"
    },
    {
      "path": "detect_secrets.filters.heuristic.is_likely_id_string"
    },
    {
      "path": "detect_secrets.filters.heuristic.is_lock_file"
    },
    {
      "path": "detect_secrets.filters.heuristic.is_not_alphanumeric_string"
    },
    {
      "path": "detect_secrets.filters.heuristic.is_potential_uuid"
    },
    {
      "path": "detect_secrets.filters.heuristic.is_prefixed_with_dollar_sign"
    },
    {
      "path": "detect_secrets.filters.heuristic.is_sequential_string"
    },
    {
      "path": "detect_secrets.filters.heuristic.is_swagger_file"
    },
    {
      "path": "detect_secrets.filters.heuristic.is_templated_secret"
    },
    {
      "path": "detect_secrets.filters.regex.should_exclude_file",
      "pattern": [
        "(^|/)tests/fixtures/",
        "(^|/)\\.reports/",
        "(^|/)target/",
        "(^|/)assets/identity/",
        "(^|/)(pnpm-lock\\.yaml|uv\\.lock|Cargo\\.lock)$"
      ]
    }
  ],
  "results": {
    ".config/dogfood/repository-intelligence.toml": [
      {
        "type": "Hex High Entropy String",
        "filename": ".config/dogfood/repository-intelligence.toml",
        "hashed_secret": "b4083dbf62098a1f16edbe745dfafb99c6e440e9",
        "is_verified": false,
        "line_number": 27
      }
    ],
    ".config/megalinter/policy.yml": [
      {
        "type": "Hex High Entropy String",
        "filename": ".config/megalinter/policy.yml",
        "hashed_secret": "bc3cfa58691b1a11523f0bd345cf6924db29767c",
        "is_verified": false,
        "line_number": 6
      }
    ],
    ".config/megalinter/tool-matrix.json": [
      {
        "type": "Hex High Entropy String",
        "filename": ".config/megalinter/tool-matrix.json",
        "hashed_secret": "bc3cfa58691b1a11523f0bd345cf6924db29767c",
        "is_verified": false,
        "line_number": 6
      }
    ],
    ".config/megalinter/v10-catalog.json": [
      {
        "type": "Hex High Entropy String",
        "filename": ".config/megalinter/v10-catalog.json",
        "hashed_secret": "bc3cfa58691b1a11523f0bd345cf6924db29767c",
        "is_verified": false,
        "line_number": 3090
      }
    ],
    ".config/rules/repository-intelligence.v1.toml": [
      {
        "type": "Hex High Entropy String",
        "filename": ".config/rules/repository-intelligence.v1.toml",
        "hashed_secret": "b4083dbf62098a1f16edbe745dfafb99c6e440e9",
        "is_verified": false,
        "line_number": 12
      }
    ],
    ".config/rules/repository-presentation.v1.toml": [
      {
        "type": "Hex High Entropy String",
        "filename": ".config/rules/repository-presentation.v1.toml",
        "hashed_secret": "edf38670f41c43409872051a50474fd590d69b85",
        "is_verified": false,
        "line_number": 12
      },
      {
        "type": "Hex High Entropy String",
        "filename": ".config/rules/repository-presentation.v1.toml",
        "hashed_secret": "2e9c8492ed81021ef094551fe1dd9420147bbc71",
        "is_verified": false,
        "line_number": 14
      },
      {
        "type": "Hex High Entropy String",
        "filename": ".config/rules/repository-presentation.v1.toml",
        "hashed_secret": "e8cc083716afa382d72ea3245879f403eaf91856",
        "is_verified": false,
        "line_number": 21
      }
    ],
    ".identity/governance/provenance.json": [
      {
        "type": "Hex High Entropy String",
        "filename": ".identity/governance/provenance.json",
        "hashed_secret": "000cf7295fed15d8f2d2fdd1eb79e0516338feb5",
        "is_verified": false,
        "line_number": 9
      }
    ],
    ".identity/guidance/repository-presentation.json": [
      {
        "type": "Hex High Entropy String",
        "filename": ".identity/guidance/repository-presentation.json",
        "hashed_secret": "15da69d540392626c688633f4834f1fabfb47fbb",
        "is_verified": false,
        "line_number": 11
      },
      {
        "type": "Hex High Entropy String",
        "filename": ".identity/guidance/repository-presentation.json",
        "hashed_secret": "2e9c8492ed81021ef094551fe1dd9420147bbc71",
        "is_verified": false,
        "line_number": 14
      }
    ],
    ".identity/identity.json": [
      {
        "type": "Hex High Entropy String",
        "filename": ".identity/identity.json",
        "hashed_secret": "5a9573a8ff4e0da7c02504b15982acba9426a35b",
        "is_verified": false,
        "line_number": 17
      },
      {
        "type": "Hex High Entropy String",
        "filename": ".identity/identity.json",
        "hashed_secret": "24dbb1f267723267ed624ff9713cd31ad579e5af",
        "is_verified": false,
        "line_number": 24
      }
    ],
    "evidence/repository-presentation.json": [
      {
        "type": "Hex High Entropy String",
        "filename": "evidence/repository-presentation.json",
        "hashed_secret": "bdc9324ba1351c2bb06b037510fd2323702c742b",
        "is_verified": false,
        "line_number": 14
      }
    ],
    "examples/repository-presentation.toml": [
      {
        "type": "Hex High Entropy String",
        "filename": "examples/repository-presentation.toml",
        "hashed_secret": "edf38670f41c43409872051a50474fd590d69b85",
        "is_verified": false,
        "line_number": 21
      },
      {
        "type": "Hex High Entropy String",
        "filename": "examples/repository-presentation.toml",
        "hashed_secret": "2e9c8492ed81021ef094551fe1dd9420147bbc71",
        "is_verified": false,
        "line_number": 23
      },
      {
        "type": "Hex High Entropy String",
        "filename": "examples/repository-presentation.toml",
        "hashed_secret": "e8cc083716afa382d72ea3245879f403eaf91856",
        "is_verified": false,
        "line_number": 30
      }
    ],
    "scripts/validate_megalinter_policy.py": [
      {
        "type": "Hex High Entropy String",
        "filename": "scripts/validate_megalinter_policy.py",
        "hashed_secret": "bc3cfa58691b1a11523f0bd345cf6924db29767c",
        "is_verified": false,
        "line_number": 38
      }
    ],
    "src/fix.rs": [
      {
        "type": "Hex High Entropy String",
        "filename": "src/fix.rs",
        "hashed_secret": "aabc6baa2329644dd4c24ce57ddde468ff64ce8e",
        "is_verified": false,
        "line_number": 1293
      }
    ],
    "src/megalinter.rs": [
      {
        "type": "Secret Keyword",
        "filename": "src/megalinter.rs",
        "hashed_secret": "f1aac9095ec6a5c906aebdb28f8ddb71084c12f7",
        "is_verified": false,
        "line_number": 1031
      }
    ],
    "src/rules/repository_presentation.rs": [
      {
        "type": "Hex High Entropy String",
        "filename": "src/rules/repository_presentation.rs",
        "hashed_secret": "edf38670f41c43409872051a50474fd590d69b85",
        "is_verified": false,
        "line_number": 1638
      },
      {
        "type": "Hex High Entropy String",
        "filename": "src/rules/repository_presentation.rs",
        "hashed_secret": "2e9c8492ed81021ef094551fe1dd9420147bbc71",
        "is_verified": false,
        "line_number": 1640
      },
      {
        "type": "Hex High Entropy String",
        "filename": "src/rules/repository_presentation.rs",
        "hashed_secret": "e8cc083716afa382d72ea3245879f403eaf91856",
        "is_verified": false,
        "line_number": 1647
      }
    ],
    "tests/empathy_compatibility.rs": [
      {
        "type": "Hex High Entropy String",
        "filename": "tests/empathy_compatibility.rs",
        "hashed_secret": "6c882831ff8455f48ecaf43c6fce5f781a6efe51",
        "is_verified": false,
        "line_number": 14
      }
    ],
    "tests/test_megalinter_policy.py": [
      {
        "type": "Hex High Entropy String",
        "filename": "tests/test_megalinter_policy.py",
        "hashed_secret": "bc3cfa58691b1a11523f0bd345cf6924db29767c",
        "is_verified": false,
        "line_number": 53
      }
    ]
  },
  "generated_at": "2026-09-01T17:51:56Z"
}
